// Jest Snapshot v1, https://goo.gl/fbAQLP

exports[`EmployeeResults renders components 1`] = `
<section>
  <div
    className="mock"
  >
    Personality Archetype Heading
  </div>
  <div
    className="mock"
  >
    Personality Archetype Skills
  </div>
  <div
    className="mock"
  >
    Personality Archetype Tips
  </div>
  <div
    className="mock"
  >
    Personality Dimension List
  </div>
</section>
`;
