// Jest Snapshot v1, https://goo.gl/fbAQLP

exports[`PersonalityDimensionDetails renders component 1`] = `null`;

exports[`PersonalityDimensionDetails renders component with pitfalls 1`] = `null`;
